mode: set
viniti.us/hashout/usecase/checkout/checkout_usecase.go:20.97,22.2 1 0
viniti.us/hashout/usecase/checkout/checkout_usecase.go:24.57,26.16 2 1
viniti.us/hashout/usecase/checkout/checkout_usecase.go:30.2,31.59 2 1
viniti.us/hashout/usecase/checkout/checkout_usecase.go:35.2,36.16 2 1
viniti.us/hashout/usecase/checkout/checkout_usecase.go:40.2,40.33 1 1
viniti.us/hashout/usecase/checkout/checkout_usecase.go:49.2,51.12 2 1
viniti.us/hashout/usecase/checkout/checkout_usecase.go:26.16,28.3 1 1
viniti.us/hashout/usecase/checkout/checkout_usecase.go:31.59,33.3 1 1
viniti.us/hashout/usecase/checkout/checkout_usecase.go:36.16,38.3 1 1
viniti.us/hashout/usecase/checkout/checkout_usecase.go:40.33,42.17 2 1
viniti.us/hashout/usecase/checkout/checkout_usecase.go:42.17,44.4 1 1
viniti.us/hashout/usecase/checkout/checkout_usecase.go:44.9,46.4 1 1
viniti.us/hashout/usecase/checkout/checkout_usecase.go:54.49,57.2 2 1
viniti.us/hashout/storage/products_repository.go:16.60,18.2 1 0
viniti.us/hashout/storage/products_repository.go:20.100,22.26 2 1
viniti.us/hashout/storage/products_repository.go:30.2,30.23 1 1
viniti.us/hashout/storage/products_repository.go:35.2,35.8 1 1
viniti.us/hashout/storage/products_repository.go:22.26,23.60 1 1
viniti.us/hashout/storage/products_repository.go:23.60,25.4 1 1
viniti.us/hashout/storage/products_repository.go:25.9,27.4 1 1
viniti.us/hashout/storage/products_repository.go:30.23,33.3 2 1
viniti.us/hashout/storage/products_repository.go:38.96,41.2 2 1
viniti.us/hashout/models/checkout/carts.go:10.35,11.38 1 1
viniti.us/hashout/models/checkout/carts.go:11.38,15.3 3 1
viniti.us/hashout/models/checkout/carts.go:19.43,26.2 1 1
viniti.us/hashout/models/checkout/carts.go:28.57,29.28 1 1
viniti.us/hashout/models/checkout/carts.go:35.2,35.8 1 1
viniti.us/hashout/models/checkout/carts.go:29.28,30.23 1 1
viniti.us/hashout/models/checkout/carts.go:30.23,33.4 2 1
viniti.us/hashout/models/checkout/carts.go:38.34,43.28 4 1
viniti.us/hashout/models/checkout/carts.go:48.2,48.61 1 1
viniti.us/hashout/models/checkout/carts.go:43.28,46.3 2 1
viniti.us/hashout/models/checkout/products.go:20.37,29.2 1 1
viniti.us/hashout/models/checkout/products.go:31.36,33.2 1 1
viniti.us/hashout/usecase/discounts/discounts_usecase.go:16.37,18.2 1 0
viniti.us/hashout/usecase/discounts/discounts_usecase.go:20.107,22.26 2 1
viniti.us/hashout/usecase/discounts/discounts_usecase.go:32.2,32.30 1 1
viniti.us/hashout/usecase/discounts/discounts_usecase.go:37.2,37.8 1 1
viniti.us/hashout/usecase/discounts/discounts_usecase.go:22.26,23.47 1 1
viniti.us/hashout/usecase/discounts/discounts_usecase.go:29.3,29.51 1 1
viniti.us/hashout/usecase/discounts/discounts_usecase.go:23.47,26.4 2 1
viniti.us/hashout/usecase/discounts/discounts_usecase.go:26.9,28.4 1 1
viniti.us/hashout/usecase/discounts/discounts_usecase.go:32.30,35.3 2 1
viniti.us/hashout/handlers/dto/checkout/requests.go:19.40,24.2 1 1
viniti.us/hashout/handlers/dto/checkout/requests.go:26.62,27.23 1 1
viniti.us/hashout/handlers/dto/checkout/requests.go:32.2,34.28 3 1
viniti.us/hashout/handlers/dto/checkout/requests.go:42.2,42.32 1 1
viniti.us/hashout/handlers/dto/checkout/requests.go:46.2,48.8 1 1
viniti.us/hashout/handlers/dto/checkout/requests.go:27.23,30.3 2 1
viniti.us/hashout/handlers/dto/checkout/requests.go:34.28,35.50 1 1
viniti.us/hashout/handlers/dto/checkout/requests.go:35.50,37.4 1 1
viniti.us/hashout/handlers/dto/checkout/requests.go:37.9,39.4 1 1
viniti.us/hashout/handlers/dto/checkout/requests.go:42.32,44.3 1 1
viniti.us/hashout/handlers/dto/checkout/responses.go:21.51,30.2 1 1
viniti.us/hashout/handlers/dto/checkout/responses.go:32.59,34.28 2 1
viniti.us/hashout/handlers/dto/checkout/responses.go:38.2,43.3 1 1
viniti.us/hashout/handlers/dto/checkout/responses.go:34.28,36.3 1 1
viniti.us/hashout/clients/discount_client.go:19.113,21.2 1 0
viniti.us/hashout/clients/discount_client.go:23.64,29.16 3 1
viniti.us/hashout/clients/discount_client.go:34.2,38.12 3 1
viniti.us/hashout/clients/discount_client.go:29.16,32.3 2 1
viniti.us/hashout/clients/discount_client.go:41.112,43.63 1 1
viniti.us/hashout/clients/discount_client.go:47.2,47.16 1 1
viniti.us/hashout/clients/discount_client.go:51.2,53.17 2 1
viniti.us/hashout/clients/discount_client.go:43.63,45.3 1 1
viniti.us/hashout/clients/discount_client.go:47.16,49.3 1 1
